[0.015s] Invoking command in '/home/almc/ros2_ws/src/rrrr/build/rrrr': CMAKE_PREFIX_PATH=${CMAKE_PREFIX_PATH}:/opt/ros/jazzy DEBUGINFOD_URLS=https://debuginfod.ubuntu.com /usr/bin/cmake /home/almc/ros2_ws/src/rrrr -DAMENT_CMAKE_SYMLINK_INSTALL=1 -DCMAKE_INSTALL_PREFIX=/home/almc/ros2_ws/src/rrrr/install/rrrr
[0.274s] -- The C compiler identification is GNU 13.3.0
[0.450s] -- The CXX compiler identification is GNU 13.3.0
[0.486s] -- Detecting C compiler ABI info
[0.635s] -- Detecting C compiler ABI info - done
[0.648s] -- Check for working C compiler: /usr/bin/cc - skipped
[0.650s] -- Detecting C compile features
[0.651s] -- Detecting C compile features - done
[0.667s] -- Detecting CXX compiler ABI info
[0.807s] -- Detecting CXX compiler ABI info - done
[0.825s] -- Check for working CXX compiler: /usr/bin/c++ - skipped
[0.826s] -- Detecting CXX compile features
[0.827s] -- Detecting CXX compile features - done
[0.837s] -- Found ament_cmake: 2.5.6 (/opt/ros/jazzy/share/ament_cmake/cmake)
[1.042s] -- Found Python3: /usr/bin/python3 (found version "3.12.3") found components: Interpreter 
[1.153s] -- Override CMake install command with custom implementation using symlinks instead of copying resources
[1.205s] -- Found ament_lint_auto: 0.17.5 (/opt/ros/jazzy/share/ament_lint_auto/cmake)
[1.350s] -- Added test 'cppcheck' to perform static code analysis on C / C++ code
[1.350s] -- Configured cppcheck include dirs: 
[1.350s] -- Configured cppcheck exclude dirs and/or files: 
[1.352s] -- Added test 'flake8' to check Python code syntax and style conventions
[1.352s] -- Configured 'flake8' exclude dirs and/or files: 
[1.354s] -- Added test 'lint_cmake' to check CMake code style
[1.355s] -- Added test 'pep257' to check Python code against some of the docstring style conventions in PEP 257
[1.360s] -- Added test 'uncrustify' to check C / C++ code style
[1.361s] -- Configured uncrustify additional arguments: 
[1.362s] -- Added test 'xmllint' to check XML markup files
[1.364s] -- Configuring done (1.3s)
[1.368s] -- Generating done (0.0s)
[1.372s] -- Build files have been written to: /home/almc/ros2_ws/src/rrrr/build/rrrr
[1.378s] Invoked command in '/home/almc/ros2_ws/src/rrrr/build/rrrr' returned '0': CMAKE_PREFIX_PATH=${CMAKE_PREFIX_PATH}:/opt/ros/jazzy DEBUGINFOD_URLS=https://debuginfod.ubuntu.com /usr/bin/cmake /home/almc/ros2_ws/src/rrrr -DAMENT_CMAKE_SYMLINK_INSTALL=1 -DCMAKE_INSTALL_PREFIX=/home/almc/ros2_ws/src/rrrr/install/rrrr
[1.380s] Invoking command in '/home/almc/ros2_ws/src/rrrr/build/rrrr': CMAKE_PREFIX_PATH=${CMAKE_PREFIX_PATH}:/opt/ros/jazzy DEBUGINFOD_URLS=https://debuginfod.ubuntu.com /usr/bin/cmake --build /home/almc/ros2_ws/src/rrrr/build/rrrr -- -j12 -l12
[1.432s] Invoked command in '/home/almc/ros2_ws/src/rrrr/build/rrrr' returned '0': CMAKE_PREFIX_PATH=${CMAKE_PREFIX_PATH}:/opt/ros/jazzy DEBUGINFOD_URLS=https://debuginfod.ubuntu.com /usr/bin/cmake --build /home/almc/ros2_ws/src/rrrr/build/rrrr -- -j12 -l12
[1.445s] Invoking command in '/home/almc/ros2_ws/src/rrrr/build/rrrr': CMAKE_PREFIX_PATH=${CMAKE_PREFIX_PATH}:/opt/ros/jazzy DEBUGINFOD_URLS=https://debuginfod.ubuntu.com /usr/bin/cmake --install /home/almc/ros2_ws/src/rrrr/build/rrrr
[1.457s] -- Install configuration: ""
[1.458s] -- Execute custom install script
[1.458s] -- Symlinking: /home/almc/ros2_ws/src/rrrr/install/rrrr/share/rrrr/urdf/rrrr.urdf
[1.470s] -- Symlinking: /home/almc/ros2_ws/src/rrrr/install/rrrr/share/rrrr/meshes/base_link.STL
[1.480s] -- Symlinking: /home/almc/ros2_ws/src/rrrr/install/rrrr/share/rrrr/meshes/link_1.STL
[1.492s] -- Symlinking: /home/almc/ros2_ws/src/rrrr/install/rrrr/share/rrrr/meshes/link_2.STL
[1.503s] -- Symlinking: /home/almc/ros2_ws/src/rrrr/install/rrrr/share/rrrr/meshes/link_3.STL
[1.518s] -- Symlinking: /home/almc/ros2_ws/src/rrrr/install/rrrr/share/rrrr/meshes/link_4.STL
[1.531s] -- Symlinking: /home/almc/ros2_ws/src/rrrr/install/rrrr/share/rrrr/launch/display.launch.py
[1.542s] -- Symlinking: /home/almc/ros2_ws/src/rrrr/install/rrrr/share/ament_index/resource_index/package_run_dependencies/rrrr
[1.552s] -- Symlinking: /home/almc/ros2_ws/src/rrrr/install/rrrr/share/ament_index/resource_index/parent_prefix_path/rrrr
[1.562s] -- Symlinking: /home/almc/ros2_ws/src/rrrr/install/rrrr/share/rrrr/environment/ament_prefix_path.sh
[1.574s] -- Symlinking: /home/almc/ros2_ws/src/rrrr/install/rrrr/share/rrrr/environment/ament_prefix_path.dsv
[1.585s] -- Symlinking: /home/almc/ros2_ws/src/rrrr/install/rrrr/share/rrrr/environment/path.sh
[1.595s] -- Symlinking: /home/almc/ros2_ws/src/rrrr/install/rrrr/share/rrrr/environment/path.dsv
[1.606s] -- Symlinking: /home/almc/ros2_ws/src/rrrr/install/rrrr/share/rrrr/local_setup.bash
[1.618s] -- Symlinking: /home/almc/ros2_ws/src/rrrr/install/rrrr/share/rrrr/local_setup.sh
[1.631s] -- Symlinking: /home/almc/ros2_ws/src/rrrr/install/rrrr/share/rrrr/local_setup.zsh
[1.642s] -- Symlinking: /home/almc/ros2_ws/src/rrrr/install/rrrr/share/rrrr/local_setup.dsv
[1.654s] -- Symlinking: /home/almc/ros2_ws/src/rrrr/install/rrrr/share/rrrr/package.dsv
[1.665s] -- Symlinking: /home/almc/ros2_ws/src/rrrr/install/rrrr/share/ament_index/resource_index/packages/rrrr
[1.676s] -- Symlinking: /home/almc/ros2_ws/src/rrrr/install/rrrr/share/rrrr/cmake/rrrrConfig.cmake
[1.687s] -- Symlinking: /home/almc/ros2_ws/src/rrrr/install/rrrr/share/rrrr/cmake/rrrrConfig-version.cmake
[1.697s] -- Symlinking: /home/almc/ros2_ws/src/rrrr/install/rrrr/share/rrrr/package.xml
[1.712s] Invoked command in '/home/almc/ros2_ws/src/rrrr/build/rrrr' returned '0': CMAKE_PREFIX_PATH=${CMAKE_PREFIX_PATH}:/opt/ros/jazzy DEBUGINFOD_URLS=https://debuginfod.ubuntu.com /usr/bin/cmake --install /home/almc/ros2_ws/src/rrrr/build/rrrr
