[0.117s] DEBUG:colcon:Command line arguments: ['/usr/bin/colcon', 'build', '--symlink']
[0.117s] DEBUG:colcon:Parsed command line arguments: Namespace(log_base=None, log_level=None, verb_name='build', build_base='build', install_base='install', merge_install=False, symlink_install=True, test_result_base=None, continue_on_error=False, executor='parallel', parallel_workers=12, event_handlers=None, ignore_user_meta=False, metas=['./colcon.meta'], base_paths=['.'], packages_ignore=None, packages_ignore_regex=None, paths=None, packages_up_to=None, packages_up_to_regex=None, packages_above=None, packages_above_and_dependencies=None, packages_above_depth=None, packages_select_by_dep=None, packages_skip_by_dep=None, packages_skip_up_to=None, packages_select_build_failed=False, packages_skip_build_finished=False, packages_select_test_failures=False, packages_skip_test_passed=False, packages_select=None, packages_skip=None, packages_select_regex=None, packages_skip_regex=None, packages_start=None, packages_end=None, allow_overriding=[], cmake_args=None, cmake_target=None, cmake_target_skip_unavailable=False, cmake_clean_cache=False, cmake_clean_first=False, cmake_force_configure=False, ament_cmake_args=None, catkin_cmake_args=None, catkin_skip_building_tests=False, mixin_files=None, mixin=None, verb_parser=<colcon_mixin.mixin.mixin_argument.MixinArgumentDecorator object at 0x770462da46e0>, verb_extension=<colcon_core.verb.build.BuildVerb object at 0x770462da43e0>, main=<bound method BuildVerb.main of <colcon_core.verb.build.BuildVerb object at 0x770462da43e0>>, mixin_verb=('build',))
[0.161s] Level 1:colcon.colcon_core.package_discovery:discover_packages(colcon_meta) check parameters
[0.161s] Level 1:colcon.colcon_core.package_discovery:discover_packages(recursive) check parameters
[0.161s] Level 1:colcon.colcon_core.package_discovery:discover_packages(ignore) check parameters
[0.161s] Level 1:colcon.colcon_core.package_discovery:discover_packages(path) check parameters
[0.162s] Level 1:colcon.colcon_core.package_discovery:discover_packages(colcon_meta) discover
[0.162s] Level 1:colcon.colcon_core.package_discovery:discover_packages(recursive) discover
[0.162s] INFO:colcon.colcon_core.package_discovery:Crawling recursively for packages in '/home/almc/ros2_ws/src/rrrr'
[0.162s] Level 1:colcon.colcon_core.package_identification:_identify(.) by extensions ['ignore', 'ignore_ament_install']
[0.162s] Level 1:colcon.colcon_core.package_identification:_identify(.) by extension 'ignore'
[0.162s] Level 1:colcon.colcon_core.package_identification:_identify(.) by extension 'ignore_ament_install'
[0.162s] Level 1:colcon.colcon_core.package_identification:_identify(.) by extensions ['colcon_pkg']
[0.162s] Level 1:colcon.colcon_core.package_identification:_identify(.) by extension 'colcon_pkg'
[0.162s] Level 1:colcon.colcon_core.package_identification:_identify(.) by extensions ['colcon_meta']
[0.162s] Level 1:colcon.colcon_core.package_identification:_identify(.) by extension 'colcon_meta'
[0.162s] Level 1:colcon.colcon_core.package_identification:_identify(.) by extensions ['ros']
[0.162s] Level 1:colcon.colcon_core.package_identification:_identify(.) by extension 'ros'
[0.195s] DEBUG:colcon.colcon_core.package_identification:Package '.' with type 'ros.ament_cmake' and name 'rrrr'
[0.195s] Level 1:colcon.colcon_core.package_discovery:discover_packages(recursive) using defaults
[0.195s] Level 1:colcon.colcon_core.package_discovery:discover_packages(ignore) discover
[0.195s] Level 1:colcon.colcon_core.package_discovery:discover_packages(ignore) using defaults
[0.195s] Level 1:colcon.colcon_core.package_discovery:discover_packages(path) discover
[0.195s] Level 1:colcon.colcon_core.package_discovery:discover_packages(path) using defaults
[0.216s] Level 1:colcon.colcon_core.package_discovery:discover_packages(prefix_path) check parameters
[0.216s] Level 1:colcon.colcon_core.package_discovery:discover_packages(prefix_path) discover
[0.218s] DEBUG:colcon.colcon_installed_package_information.package_discovery:Found 1 installed packages in /home/almc/ros2_ws/src/rrrr/install
[0.220s] DEBUG:colcon.colcon_installed_package_information.package_discovery:Found 384 installed packages in /opt/ros/jazzy
[0.221s] Level 1:colcon.colcon_core.package_discovery:discover_packages(prefix_path) using defaults
[0.274s] Level 5:colcon.colcon_core.verb:set package 'rrrr' build argument 'cmake_args' from command line to 'None'
[0.274s] Level 5:colcon.colcon_core.verb:set package 'rrrr' build argument 'cmake_target' from command line to 'None'
[0.274s] Level 5:colcon.colcon_core.verb:set package 'rrrr' build argument 'cmake_target_skip_unavailable' from command line to 'False'
[0.274s] Level 5:colcon.colcon_core.verb:set package 'rrrr' build argument 'cmake_clean_cache' from command line to 'False'
[0.274s] Level 5:colcon.colcon_core.verb:set package 'rrrr' build argument 'cmake_clean_first' from command line to 'False'
[0.274s] Level 5:colcon.colcon_core.verb:set package 'rrrr' build argument 'cmake_force_configure' from command line to 'False'
[0.274s] Level 5:colcon.colcon_core.verb:set package 'rrrr' build argument 'ament_cmake_args' from command line to 'None'
[0.274s] Level 5:colcon.colcon_core.verb:set package 'rrrr' build argument 'catkin_cmake_args' from command line to 'None'
[0.274s] Level 5:colcon.colcon_core.verb:set package 'rrrr' build argument 'catkin_skip_building_tests' from command line to 'False'
[0.274s] DEBUG:colcon.colcon_core.verb:Building package 'rrrr' with the following arguments: {'ament_cmake_args': None, 'build_base': '/home/almc/ros2_ws/src/rrrr/build/rrrr', 'catkin_cmake_args': None, 'catkin_skip_building_tests': False, 'cmake_args': None, 'cmake_clean_cache': False, 'cmake_clean_first': False, 'cmake_force_configure': False, 'cmake_target': None, 'cmake_target_skip_unavailable': False, 'install_base': '/home/almc/ros2_ws/src/rrrr/install/rrrr', 'merge_install': False, 'path': '/home/almc/ros2_ws/src/rrrr', 'symlink_install': True, 'test_result_base': None}
[0.274s] INFO:colcon.colcon_core.executor:Executing jobs using 'parallel' executor
[0.275s] DEBUG:colcon.colcon_parallel_executor.executor.parallel:run_until_complete
[0.275s] INFO:colcon.colcon_ros.task.ament_cmake.build:Building ROS package in '/home/almc/ros2_ws/src/rrrr' with build type 'ament_cmake'
[0.275s] INFO:colcon.colcon_cmake.task.cmake.build:Building CMake package in '/home/almc/ros2_ws/src/rrrr'
[0.278s] INFO:colcon.colcon_core.plugin_system:Skipping extension 'colcon_core.shell.bat': Not used on non-Windows systems
[0.278s] INFO:colcon.colcon_core.shell:Skip shell extension 'powershell' for command environment: Not usable outside of PowerShell
[0.278s] DEBUG:colcon.colcon_core.shell:Skip shell extension 'dsv' for command environment
[0.288s] DEBUG:colcon.colcon_core.event_handler.log_command:Invoking command in '/home/almc/ros2_ws/src/rrrr/build/rrrr': CMAKE_PREFIX_PATH=${CMAKE_PREFIX_PATH}:/opt/ros/jazzy DEBUGINFOD_URLS=https://debuginfod.ubuntu.com /usr/bin/cmake --build /home/almc/ros2_ws/src/rrrr/build/rrrr -- -j12 -l12
[0.341s] DEBUG:colcon.colcon_core.event_handler.log_command:Invoked command in '/home/almc/ros2_ws/src/rrrr/build/rrrr' returned '0': CMAKE_PREFIX_PATH=${CMAKE_PREFIX_PATH}:/opt/ros/jazzy DEBUGINFOD_URLS=https://debuginfod.ubuntu.com /usr/bin/cmake --build /home/almc/ros2_ws/src/rrrr/build/rrrr -- -j12 -l12
[0.356s] DEBUG:colcon.colcon_core.event_handler.log_command:Invoking command in '/home/almc/ros2_ws/src/rrrr/build/rrrr': CMAKE_PREFIX_PATH=${CMAKE_PREFIX_PATH}:/opt/ros/jazzy DEBUGINFOD_URLS=https://debuginfod.ubuntu.com /usr/bin/cmake --install /home/almc/ros2_ws/src/rrrr/build/rrrr
[0.389s] Level 1:colcon.colcon_core.environment:create_environment_scripts_only(rrrr)
[0.391s] DEBUG:colcon.colcon_core.event_handler.log_command:Invoked command in '/home/almc/ros2_ws/src/rrrr/build/rrrr' returned '0': CMAKE_PREFIX_PATH=${CMAKE_PREFIX_PATH}:/opt/ros/jazzy DEBUGINFOD_URLS=https://debuginfod.ubuntu.com /usr/bin/cmake --install /home/almc/ros2_ws/src/rrrr/build/rrrr
[0.394s] Level 1:colcon.colcon_core.environment:checking '/home/almc/ros2_ws/src/rrrr/install/rrrr' for CMake module files
[0.395s] Level 1:colcon.colcon_core.environment:checking '/home/almc/ros2_ws/src/rrrr/install/rrrr' for CMake config files
[0.396s] Level 1:colcon.colcon_core.shell:create_environment_hook('rrrr', 'cmake_prefix_path')
[0.396s] INFO:colcon.colcon_core.shell:Creating environment hook '/home/almc/ros2_ws/src/rrrr/install/rrrr/share/rrrr/hook/cmake_prefix_path.ps1'
[0.397s] INFO:colcon.colcon_core.shell:Creating environment descriptor '/home/almc/ros2_ws/src/rrrr/install/rrrr/share/rrrr/hook/cmake_prefix_path.dsv'
[0.398s] INFO:colcon.colcon_core.shell:Creating environment hook '/home/almc/ros2_ws/src/rrrr/install/rrrr/share/rrrr/hook/cmake_prefix_path.sh'
[0.399s] Level 1:colcon.colcon_core.environment:checking '/home/almc/ros2_ws/src/rrrr/install/rrrr/bin'
[0.399s] Level 1:colcon.colcon_core.environment:checking '/home/almc/ros2_ws/src/rrrr/install/rrrr/lib/pkgconfig/rrrr.pc'
[0.399s] Level 1:colcon.colcon_core.environment:checking '/home/almc/ros2_ws/src/rrrr/install/rrrr/lib/python3.12/site-packages'
[0.400s] Level 1:colcon.colcon_core.environment:checking '/home/almc/ros2_ws/src/rrrr/install/rrrr/bin'
[0.400s] INFO:colcon.colcon_core.shell:Creating package script '/home/almc/ros2_ws/src/rrrr/install/rrrr/share/rrrr/package.ps1'
[0.402s] INFO:colcon.colcon_core.shell:Creating package descriptor '/home/almc/ros2_ws/src/rrrr/install/rrrr/share/rrrr/package.dsv'
[0.403s] INFO:colcon.colcon_core.shell:Creating package script '/home/almc/ros2_ws/src/rrrr/install/rrrr/share/rrrr/package.sh'
[0.404s] INFO:colcon.colcon_core.shell:Creating package script '/home/almc/ros2_ws/src/rrrr/install/rrrr/share/rrrr/package.bash'
[0.405s] INFO:colcon.colcon_core.shell:Creating package script '/home/almc/ros2_ws/src/rrrr/install/rrrr/share/rrrr/package.zsh'
[0.406s] Level 1:colcon.colcon_core.environment:create_file_with_runtime_dependencies(/home/almc/ros2_ws/src/rrrr/install/rrrr/share/colcon-core/packages/rrrr)
[0.406s] Level 1:colcon.colcon_core.environment:create_environment_scripts_only(rrrr)
[0.407s] Level 1:colcon.colcon_core.environment:checking '/home/almc/ros2_ws/src/rrrr/install/rrrr' for CMake module files
[0.407s] Level 1:colcon.colcon_core.environment:checking '/home/almc/ros2_ws/src/rrrr/install/rrrr' for CMake config files
[0.408s] Level 1:colcon.colcon_core.shell:create_environment_hook('rrrr', 'cmake_prefix_path')
[0.408s] INFO:colcon.colcon_core.shell:Creating environment hook '/home/almc/ros2_ws/src/rrrr/install/rrrr/share/rrrr/hook/cmake_prefix_path.ps1'
[0.409s] INFO:colcon.colcon_core.shell:Creating environment descriptor '/home/almc/ros2_ws/src/rrrr/install/rrrr/share/rrrr/hook/cmake_prefix_path.dsv'
[0.409s] INFO:colcon.colcon_core.shell:Creating environment hook '/home/almc/ros2_ws/src/rrrr/install/rrrr/share/rrrr/hook/cmake_prefix_path.sh'
[0.410s] Level 1:colcon.colcon_core.environment:checking '/home/almc/ros2_ws/src/rrrr/install/rrrr/bin'
[0.410s] Level 1:colcon.colcon_core.environment:checking '/home/almc/ros2_ws/src/rrrr/install/rrrr/lib/pkgconfig/rrrr.pc'
[0.410s] Level 1:colcon.colcon_core.environment:checking '/home/almc/ros2_ws/src/rrrr/install/rrrr/lib/python3.12/site-packages'
[0.411s] Level 1:colcon.colcon_core.environment:checking '/home/almc/ros2_ws/src/rrrr/install/rrrr/bin'
[0.411s] INFO:colcon.colcon_core.shell:Creating package script '/home/almc/ros2_ws/src/rrrr/install/rrrr/share/rrrr/package.ps1'
[0.412s] INFO:colcon.colcon_core.shell:Creating package descriptor '/home/almc/ros2_ws/src/rrrr/install/rrrr/share/rrrr/package.dsv'
[0.413s] INFO:colcon.colcon_core.shell:Creating package script '/home/almc/ros2_ws/src/rrrr/install/rrrr/share/rrrr/package.sh'
[0.413s] INFO:colcon.colcon_core.shell:Creating package script '/home/almc/ros2_ws/src/rrrr/install/rrrr/share/rrrr/package.bash'
[0.414s] INFO:colcon.colcon_core.shell:Creating package script '/home/almc/ros2_ws/src/rrrr/install/rrrr/share/rrrr/package.zsh'
[0.414s] Level 1:colcon.colcon_core.environment:create_file_with_runtime_dependencies(/home/almc/ros2_ws/src/rrrr/install/rrrr/share/colcon-core/packages/rrrr)
[0.414s] DEBUG:colcon.colcon_parallel_executor.executor.parallel:closing loop
[0.415s] DEBUG:colcon.colcon_parallel_executor.executor.parallel:loop closed
[0.415s] DEBUG:colcon.colcon_parallel_executor.executor.parallel:run_until_complete finished with '0'
[0.415s] DEBUG:colcon.colcon_core.event_reactor:joining thread
[0.423s] INFO:colcon.colcon_core.plugin_system:Skipping extension 'colcon_notification.desktop_notification.terminal_notifier': Not used on non-Darwin systems
[0.424s] INFO:colcon.colcon_core.plugin_system:Skipping extension 'colcon_notification.desktop_notification.win32': Not used on non-Windows systems
[0.424s] INFO:colcon.colcon_notification.desktop_notification:Sending desktop notification using 'notify2'
[0.449s] DEBUG:colcon.colcon_core.event_reactor:joined thread
[0.449s] INFO:colcon.colcon_core.shell:Creating prefix script '/home/almc/ros2_ws/src/rrrr/install/local_setup.ps1'
[0.450s] INFO:colcon.colcon_core.shell:Creating prefix util module '/home/almc/ros2_ws/src/rrrr/install/_local_setup_util_ps1.py'
[0.452s] INFO:colcon.colcon_core.shell:Creating prefix chain script '/home/almc/ros2_ws/src/rrrr/install/setup.ps1'
[0.453s] INFO:colcon.colcon_core.shell:Creating prefix script '/home/almc/ros2_ws/src/rrrr/install/local_setup.sh'
[0.454s] INFO:colcon.colcon_core.shell:Creating prefix util module '/home/almc/ros2_ws/src/rrrr/install/_local_setup_util_sh.py'
[0.455s] INFO:colcon.colcon_core.shell:Creating prefix chain script '/home/almc/ros2_ws/src/rrrr/install/setup.sh'
[0.457s] INFO:colcon.colcon_core.shell:Creating prefix script '/home/almc/ros2_ws/src/rrrr/install/local_setup.bash'
[0.457s] INFO:colcon.colcon_core.shell:Creating prefix chain script '/home/almc/ros2_ws/src/rrrr/install/setup.bash'
[0.459s] INFO:colcon.colcon_core.shell:Creating prefix script '/home/almc/ros2_ws/src/rrrr/install/local_setup.zsh'
[0.459s] INFO:colcon.colcon_core.shell:Creating prefix chain script '/home/almc/ros2_ws/src/rrrr/install/setup.zsh'
