[0.066s] DEBUG:colcon:Command line arguments: ['/usr/bin/colcon', 'build', '--symlink']
[0.066s] DEBUG:colcon:Parsed command line arguments: Namespace(log_base=None, log_level=None, verb_name='build', build_base='build', install_base='install', merge_install=False, symlink_install=True, test_result_base=None, continue_on_error=False, executor='parallel', parallel_workers=12, event_handlers=None, ignore_user_meta=False, metas=['./colcon.meta'], base_paths=['.'], packages_ignore=None, packages_ignore_regex=None, paths=None, packages_up_to=None, packages_up_to_regex=None, packages_above=None, packages_above_and_dependencies=None, packages_above_depth=None, packages_select_by_dep=None, packages_skip_by_dep=None, packages_skip_up_to=None, packages_select_build_failed=False, packages_skip_build_finished=False, packages_select_test_failures=False, packages_skip_test_passed=False, packages_select=None, packages_skip=None, packages_select_regex=None, packages_skip_regex=None, packages_start=None, packages_end=None, allow_overriding=[], cmake_args=None, cmake_target=None, cmake_target_skip_unavailable=False, cmake_clean_cache=False, cmake_clean_first=False, cmake_force_configure=False, ament_cmake_args=None, catkin_cmake_args=None, catkin_skip_building_tests=False, mixin_files=None, mixin=None, verb_parser=<colcon_mixin.mixin.mixin_argument.MixinArgumentDecorator object at 0x78d93b6a09b0>, verb_extension=<colcon_core.verb.build.BuildVerb object at 0x78d93b6a0710>, main=<bound method BuildVerb.main of <colcon_core.verb.build.BuildVerb object at 0x78d93b6a0710>>, mixin_verb=('build',))
[0.091s] Level 1:colcon.colcon_core.package_discovery:discover_packages(colcon_meta) check parameters
[0.091s] Level 1:colcon.colcon_core.package_discovery:discover_packages(recursive) check parameters
[0.091s] Level 1:colcon.colcon_core.package_discovery:discover_packages(ignore) check parameters
[0.091s] Level 1:colcon.colcon_core.package_discovery:discover_packages(path) check parameters
[0.091s] Level 1:colcon.colcon_core.package_discovery:discover_packages(colcon_meta) discover
[0.091s] Level 1:colcon.colcon_core.package_discovery:discover_packages(recursive) discover
[0.091s] INFO:colcon.colcon_core.package_discovery:Crawling recursively for packages in '/home/almc/ros2_ws/src/rrrr'
[0.091s] Level 1:colcon.colcon_core.package_identification:_identify(.) by extensions ['ignore', 'ignore_ament_install']
[0.091s] Level 1:colcon.colcon_core.package_identification:_identify(.) by extension 'ignore'
[0.091s] Level 1:colcon.colcon_core.package_identification:_identify(.) by extension 'ignore_ament_install'
[0.091s] Level 1:colcon.colcon_core.package_identification:_identify(.) by extensions ['colcon_pkg']
[0.091s] Level 1:colcon.colcon_core.package_identification:_identify(.) by extension 'colcon_pkg'
[0.091s] Level 1:colcon.colcon_core.package_identification:_identify(.) by extensions ['colcon_meta']
[0.091s] Level 1:colcon.colcon_core.package_identification:_identify(.) by extension 'colcon_meta'
[0.091s] Level 1:colcon.colcon_core.package_identification:_identify(.) by extensions ['ros']
[0.091s] Level 1:colcon.colcon_core.package_identification:_identify(.) by extension 'ros'
[0.111s] DEBUG:colcon.colcon_core.package_identification:Package '.' with type 'ros.ament_cmake' and name 'rrrr'
[0.111s] Level 1:colcon.colcon_core.package_discovery:discover_packages(recursive) using defaults
[0.111s] Level 1:colcon.colcon_core.package_discovery:discover_packages(ignore) discover
[0.111s] Level 1:colcon.colcon_core.package_discovery:discover_packages(ignore) using defaults
[0.111s] Level 1:colcon.colcon_core.package_discovery:discover_packages(path) discover
[0.111s] Level 1:colcon.colcon_core.package_discovery:discover_packages(path) using defaults
[0.125s] Level 1:colcon.colcon_core.package_discovery:discover_packages(prefix_path) check parameters
[0.125s] Level 1:colcon.colcon_core.package_discovery:discover_packages(prefix_path) discover
[0.126s] DEBUG:colcon.colcon_installed_package_information.package_discovery:Found 1 installed packages in /home/almc/ros2_ws/src/rrrr/install
[0.127s] DEBUG:colcon.colcon_installed_package_information.package_discovery:Found 384 installed packages in /opt/ros/jazzy
[0.128s] Level 1:colcon.colcon_core.package_discovery:discover_packages(prefix_path) using defaults
[0.157s] Level 5:colcon.colcon_core.verb:set package 'rrrr' build argument 'cmake_args' from command line to 'None'
[0.157s] Level 5:colcon.colcon_core.verb:set package 'rrrr' build argument 'cmake_target' from command line to 'None'
[0.157s] Level 5:colcon.colcon_core.verb:set package 'rrrr' build argument 'cmake_target_skip_unavailable' from command line to 'False'
[0.157s] Level 5:colcon.colcon_core.verb:set package 'rrrr' build argument 'cmake_clean_cache' from command line to 'False'
[0.157s] Level 5:colcon.colcon_core.verb:set package 'rrrr' build argument 'cmake_clean_first' from command line to 'False'
[0.157s] Level 5:colcon.colcon_core.verb:set package 'rrrr' build argument 'cmake_force_configure' from command line to 'False'
[0.157s] Level 5:colcon.colcon_core.verb:set package 'rrrr' build argument 'ament_cmake_args' from command line to 'None'
[0.157s] Level 5:colcon.colcon_core.verb:set package 'rrrr' build argument 'catkin_cmake_args' from command line to 'None'
[0.157s] Level 5:colcon.colcon_core.verb:set package 'rrrr' build argument 'catkin_skip_building_tests' from command line to 'False'
[0.157s] DEBUG:colcon.colcon_core.verb:Building package 'rrrr' with the following arguments: {'ament_cmake_args': None, 'build_base': '/home/almc/ros2_ws/src/rrrr/build/rrrr', 'catkin_cmake_args': None, 'catkin_skip_building_tests': False, 'cmake_args': None, 'cmake_clean_cache': False, 'cmake_clean_first': False, 'cmake_force_configure': False, 'cmake_target': None, 'cmake_target_skip_unavailable': False, 'install_base': '/home/almc/ros2_ws/src/rrrr/install/rrrr', 'merge_install': False, 'path': '/home/almc/ros2_ws/src/rrrr', 'symlink_install': True, 'test_result_base': None}
[0.157s] INFO:colcon.colcon_core.executor:Executing jobs using 'parallel' executor
[0.158s] DEBUG:colcon.colcon_parallel_executor.executor.parallel:run_until_complete
[0.158s] INFO:colcon.colcon_ros.task.ament_cmake.build:Building ROS package in '/home/almc/ros2_ws/src/rrrr' with build type 'ament_cmake'
[0.158s] INFO:colcon.colcon_cmake.task.cmake.build:Building CMake package in '/home/almc/ros2_ws/src/rrrr'
[0.160s] INFO:colcon.colcon_core.plugin_system:Skipping extension 'colcon_core.shell.bat': Not used on non-Windows systems
[0.160s] INFO:colcon.colcon_core.shell:Skip shell extension 'powershell' for command environment: Not usable outside of PowerShell
[0.160s] DEBUG:colcon.colcon_core.shell:Skip shell extension 'dsv' for command environment
[0.167s] DEBUG:colcon.colcon_core.event_handler.log_command:Invoking command in '/home/almc/ros2_ws/src/rrrr/build/rrrr': CMAKE_PREFIX_PATH=${CMAKE_PREFIX_PATH}:/opt/ros/jazzy DEBUGINFOD_URLS=https://debuginfod.ubuntu.com /usr/bin/cmake --build /home/almc/ros2_ws/src/rrrr/build/rrrr -- -j12 -l12
[0.198s] DEBUG:colcon.colcon_core.event_handler.log_command:Invoked command in '/home/almc/ros2_ws/src/rrrr/build/rrrr' returned '0': CMAKE_PREFIX_PATH=${CMAKE_PREFIX_PATH}:/opt/ros/jazzy DEBUGINFOD_URLS=https://debuginfod.ubuntu.com /usr/bin/cmake --build /home/almc/ros2_ws/src/rrrr/build/rrrr -- -j12 -l12
[0.207s] DEBUG:colcon.colcon_core.event_handler.log_command:Invoking command in '/home/almc/ros2_ws/src/rrrr/build/rrrr': CMAKE_PREFIX_PATH=${CMAKE_PREFIX_PATH}:/opt/ros/jazzy DEBUGINFOD_URLS=https://debuginfod.ubuntu.com /usr/bin/cmake --install /home/almc/ros2_ws/src/rrrr/build/rrrr
[0.229s] Level 1:colcon.colcon_core.environment:create_environment_scripts_only(rrrr)
[0.229s] DEBUG:colcon.colcon_core.event_handler.log_command:Invoked command in '/home/almc/ros2_ws/src/rrrr/build/rrrr' returned '0': CMAKE_PREFIX_PATH=${CMAKE_PREFIX_PATH}:/opt/ros/jazzy DEBUGINFOD_URLS=https://debuginfod.ubuntu.com /usr/bin/cmake --install /home/almc/ros2_ws/src/rrrr/build/rrrr
[0.232s] Level 1:colcon.colcon_core.environment:checking '/home/almc/ros2_ws/src/rrrr/install/rrrr' for CMake module files
[0.232s] Level 1:colcon.colcon_core.environment:checking '/home/almc/ros2_ws/src/rrrr/install/rrrr' for CMake config files
[0.233s] Level 1:colcon.colcon_core.shell:create_environment_hook('rrrr', 'cmake_prefix_path')
[0.233s] INFO:colcon.colcon_core.shell:Creating environment hook '/home/almc/ros2_ws/src/rrrr/install/rrrr/share/rrrr/hook/cmake_prefix_path.ps1'
[0.233s] INFO:colcon.colcon_core.shell:Creating environment descriptor '/home/almc/ros2_ws/src/rrrr/install/rrrr/share/rrrr/hook/cmake_prefix_path.dsv'
[0.234s] INFO:colcon.colcon_core.shell:Creating environment hook '/home/almc/ros2_ws/src/rrrr/install/rrrr/share/rrrr/hook/cmake_prefix_path.sh'
[0.235s] Level 1:colcon.colcon_core.environment:checking '/home/almc/ros2_ws/src/rrrr/install/rrrr/bin'
[0.235s] Level 1:colcon.colcon_core.environment:checking '/home/almc/ros2_ws/src/rrrr/install/rrrr/lib/pkgconfig/rrrr.pc'
[0.235s] Level 1:colcon.colcon_core.environment:checking '/home/almc/ros2_ws/src/rrrr/install/rrrr/lib/python3.12/site-packages'
[0.235s] Level 1:colcon.colcon_core.environment:checking '/home/almc/ros2_ws/src/rrrr/install/rrrr/bin'
[0.236s] INFO:colcon.colcon_core.shell:Creating package script '/home/almc/ros2_ws/src/rrrr/install/rrrr/share/rrrr/package.ps1'
[0.236s] INFO:colcon.colcon_core.shell:Creating package descriptor '/home/almc/ros2_ws/src/rrrr/install/rrrr/share/rrrr/package.dsv'
[0.237s] INFO:colcon.colcon_core.shell:Creating package script '/home/almc/ros2_ws/src/rrrr/install/rrrr/share/rrrr/package.sh'
[0.237s] INFO:colcon.colcon_core.shell:Creating package script '/home/almc/ros2_ws/src/rrrr/install/rrrr/share/rrrr/package.bash'
[0.237s] INFO:colcon.colcon_core.shell:Creating package script '/home/almc/ros2_ws/src/rrrr/install/rrrr/share/rrrr/package.zsh'
[0.238s] Level 1:colcon.colcon_core.environment:create_file_with_runtime_dependencies(/home/almc/ros2_ws/src/rrrr/install/rrrr/share/colcon-core/packages/rrrr)
[0.238s] Level 1:colcon.colcon_core.environment:create_environment_scripts_only(rrrr)
[0.238s] Level 1:colcon.colcon_core.environment:checking '/home/almc/ros2_ws/src/rrrr/install/rrrr' for CMake module files
[0.238s] Level 1:colcon.colcon_core.environment:checking '/home/almc/ros2_ws/src/rrrr/install/rrrr' for CMake config files
[0.238s] Level 1:colcon.colcon_core.shell:create_environment_hook('rrrr', 'cmake_prefix_path')
[0.239s] INFO:colcon.colcon_core.shell:Creating environment hook '/home/almc/ros2_ws/src/rrrr/install/rrrr/share/rrrr/hook/cmake_prefix_path.ps1'
[0.239s] INFO:colcon.colcon_core.shell:Creating environment descriptor '/home/almc/ros2_ws/src/rrrr/install/rrrr/share/rrrr/hook/cmake_prefix_path.dsv'
[0.239s] INFO:colcon.colcon_core.shell:Creating environment hook '/home/almc/ros2_ws/src/rrrr/install/rrrr/share/rrrr/hook/cmake_prefix_path.sh'
[0.239s] Level 1:colcon.colcon_core.environment:checking '/home/almc/ros2_ws/src/rrrr/install/rrrr/bin'
[0.239s] Level 1:colcon.colcon_core.environment:checking '/home/almc/ros2_ws/src/rrrr/install/rrrr/lib/pkgconfig/rrrr.pc'
[0.240s] Level 1:colcon.colcon_core.environment:checking '/home/almc/ros2_ws/src/rrrr/install/rrrr/lib/python3.12/site-packages'
[0.240s] Level 1:colcon.colcon_core.environment:checking '/home/almc/ros2_ws/src/rrrr/install/rrrr/bin'
[0.240s] INFO:colcon.colcon_core.shell:Creating package script '/home/almc/ros2_ws/src/rrrr/install/rrrr/share/rrrr/package.ps1'
[0.240s] INFO:colcon.colcon_core.shell:Creating package descriptor '/home/almc/ros2_ws/src/rrrr/install/rrrr/share/rrrr/package.dsv'
[0.241s] INFO:colcon.colcon_core.shell:Creating package script '/home/almc/ros2_ws/src/rrrr/install/rrrr/share/rrrr/package.sh'
[0.241s] INFO:colcon.colcon_core.shell:Creating package script '/home/almc/ros2_ws/src/rrrr/install/rrrr/share/rrrr/package.bash'
[0.241s] INFO:colcon.colcon_core.shell:Creating package script '/home/almc/ros2_ws/src/rrrr/install/rrrr/share/rrrr/package.zsh'
[0.241s] Level 1:colcon.colcon_core.environment:create_file_with_runtime_dependencies(/home/almc/ros2_ws/src/rrrr/install/rrrr/share/colcon-core/packages/rrrr)
[0.241s] DEBUG:colcon.colcon_parallel_executor.executor.parallel:closing loop
[0.242s] DEBUG:colcon.colcon_parallel_executor.executor.parallel:loop closed
[0.242s] DEBUG:colcon.colcon_parallel_executor.executor.parallel:run_until_complete finished with '0'
[0.242s] DEBUG:colcon.colcon_core.event_reactor:joining thread
[0.245s] INFO:colcon.colcon_core.plugin_system:Skipping extension 'colcon_notification.desktop_notification.terminal_notifier': Not used on non-Darwin systems
[0.245s] INFO:colcon.colcon_core.plugin_system:Skipping extension 'colcon_notification.desktop_notification.win32': Not used on non-Windows systems
[0.245s] INFO:colcon.colcon_notification.desktop_notification:Sending desktop notification using 'notify2'
[0.259s] DEBUG:colcon.colcon_core.event_reactor:joined thread
[0.260s] INFO:colcon.colcon_core.shell:Creating prefix script '/home/almc/ros2_ws/src/rrrr/install/local_setup.ps1'
[0.261s] INFO:colcon.colcon_core.shell:Creating prefix util module '/home/almc/ros2_ws/src/rrrr/install/_local_setup_util_ps1.py'
[0.261s] INFO:colcon.colcon_core.shell:Creating prefix chain script '/home/almc/ros2_ws/src/rrrr/install/setup.ps1'
[0.262s] INFO:colcon.colcon_core.shell:Creating prefix script '/home/almc/ros2_ws/src/rrrr/install/local_setup.sh'
[0.262s] INFO:colcon.colcon_core.shell:Creating prefix util module '/home/almc/ros2_ws/src/rrrr/install/_local_setup_util_sh.py'
[0.263s] INFO:colcon.colcon_core.shell:Creating prefix chain script '/home/almc/ros2_ws/src/rrrr/install/setup.sh'
[0.263s] INFO:colcon.colcon_core.shell:Creating prefix script '/home/almc/ros2_ws/src/rrrr/install/local_setup.bash'
[0.263s] INFO:colcon.colcon_core.shell:Creating prefix chain script '/home/almc/ros2_ws/src/rrrr/install/setup.bash'
[0.264s] INFO:colcon.colcon_core.shell:Creating prefix script '/home/almc/ros2_ws/src/rrrr/install/local_setup.zsh'
[0.264s] INFO:colcon.colcon_core.shell:Creating prefix chain script '/home/almc/ros2_ws/src/rrrr/install/setup.zsh'
