-- Found ament_cmake: 2.5.6 (/opt/ros/jazzy/share/ament_cmake/cmake)
-- Override CMake install command with custom implementation using symlinks instead of copying resources
-- Found ament_lint_auto: 0.17.5 (/opt/ros/jazzy/share/ament_lint_auto/cmake)
-- Added test 'cppcheck' to perform static code analysis on C / C++ code
-- Configured cppcheck include dirs: 
-- Configured cppcheck exclude dirs and/or files: 
-- Added test 'flake8' to check Python code syntax and style conventions
-- Configured 'flake8' exclude dirs and/or files: 
-- Added test 'lint_cmake' to check CMake code style
-- Added test 'pep257' to check Python code against some of the docstring style conventions in PEP 257
-- Added test 'uncrustify' to check C / C++ code style
-- Configured uncrustify additional arguments: 
-- Added test 'xmllint' to check XML markup files
-- Configuring done (0.2s)
-- Generating done (0.0s)
-- Build files have been written to: /home/almc/ros2_ws/src/rrrr/build/rrrr
-- Install configuration: ""
-- Execute custom install script
-- Up-to-date symlink: /home/almc/ros2_ws/src/rrrr/install/rrrr/share/rrrr/urdf/rrrr.urdf
-- Up-to-date symlink: /home/almc/ros2_ws/src/rrrr/install/rrrr/share/rrrr/meshes/Base_link.STL
-- Up-to-date symlink: /home/almc/ros2_ws/src/rrrr/install/rrrr/share/rrrr/meshes/base_link.STL
-- Up-to-date symlink: /home/almc/ros2_ws/src/rrrr/install/rrrr/share/rrrr/meshes/link_1.STL
-- Up-to-date symlink: /home/almc/ros2_ws/src/rrrr/install/rrrr/share/rrrr/meshes/link_2.STL
-- Up-to-date symlink: /home/almc/ros2_ws/src/rrrr/install/rrrr/share/rrrr/meshes/link_3.STL
-- Up-to-date symlink: /home/almc/ros2_ws/src/rrrr/install/rrrr/share/rrrr/meshes/link_4.STL
-- Up-to-date symlink: /home/almc/ros2_ws/src/rrrr/install/rrrr/share/rrrr/launch/display.launch.py
-- Up-to-date symlink: /home/almc/ros2_ws/src/rrrr/install/rrrr/share/rrrr/rviz/rrrr.rviz
-- Up-to-date symlink: /home/almc/ros2_ws/src/rrrr/install/rrrr/share/ament_index/resource_index/package_run_dependencies/rrrr
-- Up-to-date symlink: /home/almc/ros2_ws/src/rrrr/install/rrrr/share/ament_index/resource_index/parent_prefix_path/rrrr
-- Up-to-date symlink: /home/almc/ros2_ws/src/rrrr/install/rrrr/share/rrrr/environment/ament_prefix_path.sh
-- Up-to-date symlink: /home/almc/ros2_ws/src/rrrr/install/rrrr/share/rrrr/environment/ament_prefix_path.dsv
-- Up-to-date symlink: /home/almc/ros2_ws/src/rrrr/install/rrrr/share/rrrr/environment/path.sh
-- Up-to-date symlink: /home/almc/ros2_ws/src/rrrr/install/rrrr/share/rrrr/environment/path.dsv
-- Up-to-date symlink: /home/almc/ros2_ws/src/rrrr/install/rrrr/share/rrrr/local_setup.bash
-- Up-to-date symlink: /home/almc/ros2_ws/src/rrrr/install/rrrr/share/rrrr/local_setup.sh
-- Up-to-date symlink: /home/almc/ros2_ws/src/rrrr/install/rrrr/share/rrrr/local_setup.zsh
-- Up-to-date symlink: /home/almc/ros2_ws/src/rrrr/install/rrrr/share/rrrr/local_setup.dsv
-- Symlinking: /home/almc/ros2_ws/src/rrrr/install/rrrr/share/rrrr/package.dsv
-- Up-to-date symlink: /home/almc/ros2_ws/src/rrrr/install/rrrr/share/ament_index/resource_index/packages/rrrr
-- Up-to-date symlink: /home/almc/ros2_ws/src/rrrr/install/rrrr/share/rrrr/cmake/rrrrConfig.cmake
-- Up-to-date symlink: /home/almc/ros2_ws/src/rrrr/install/rrrr/share/rrrr/cmake/rrrrConfig-version.cmake
-- Up-to-date symlink: /home/almc/ros2_ws/src/rrrr/install/rrrr/share/rrrr/package.xml
