[0.007s] Invoking command in '/home/almc/ros2_ws/src/rrrr/build/rrrr': CMAKE_PREFIX_PATH=${CMAKE_PREFIX_PATH}:/opt/ros/jazzy DEBUGINFOD_URLS=https://debuginfod.ubuntu.com /usr/bin/cmake /home/almc/ros2_ws/src/rrrr -DCMAKE_INSTALL_PREFIX=/home/almc/ros2_ws/src/rrrr/install/rrrr
[0.017s] -- Found ament_cmake: 2.5.6 (/opt/ros/jazzy/share/ament_cmake/cmake)
[0.159s] -- Override CMake install command with custom implementation using symlinks instead of copying resources
[0.163s] -- Found ament_lint_auto: 0.17.5 (/opt/ros/jazzy/share/ament_lint_auto/cmake)
[0.234s] -- Added test 'cppcheck' to perform static code analysis on C / C++ code
[0.234s] -- Configured cppcheck include dirs: 
[0.234s] -- Configured cppcheck exclude dirs and/or files: 
[0.236s] -- Added test 'flake8' to check Python code syntax and style conventions
[0.236s] -- Configured 'flake8' exclude dirs and/or files: 
[0.238s] -- Added test 'lint_cmake' to check CMake code style
[0.240s] -- Added test 'pep257' to check Python code against some of the docstring style conventions in PEP 257
[0.249s] -- Added test 'uncrustify' to check C / C++ code style
[0.249s] -- Configured uncrustify additional arguments: 
[0.250s] -- Added test 'xmllint' to check XML markup files
[0.252s] -- Configuring done (0.2s)
[0.254s] -- Generating done (0.0s)
[0.254s] -- Build files have been written to: /home/almc/ros2_ws/src/rrrr/build/rrrr
[0.257s] Invoked command in '/home/almc/ros2_ws/src/rrrr/build/rrrr' returned '0': CMAKE_PREFIX_PATH=${CMAKE_PREFIX_PATH}:/opt/ros/jazzy DEBUGINFOD_URLS=https://debuginfod.ubuntu.com /usr/bin/cmake /home/almc/ros2_ws/src/rrrr -DCMAKE_INSTALL_PREFIX=/home/almc/ros2_ws/src/rrrr/install/rrrr
[0.258s] Invoking command in '/home/almc/ros2_ws/src/rrrr/build/rrrr': CMAKE_PREFIX_PATH=${CMAKE_PREFIX_PATH}:/opt/ros/jazzy DEBUGINFOD_URLS=https://debuginfod.ubuntu.com /usr/bin/cmake --build /home/almc/ros2_ws/src/rrrr/build/rrrr -- -j12 -l12
[0.285s] Invoked command in '/home/almc/ros2_ws/src/rrrr/build/rrrr' returned '0': CMAKE_PREFIX_PATH=${CMAKE_PREFIX_PATH}:/opt/ros/jazzy DEBUGINFOD_URLS=https://debuginfod.ubuntu.com /usr/bin/cmake --build /home/almc/ros2_ws/src/rrrr/build/rrrr -- -j12 -l12
[0.291s] Invoking command in '/home/almc/ros2_ws/src/rrrr/build/rrrr': CMAKE_PREFIX_PATH=${CMAKE_PREFIX_PATH}:/opt/ros/jazzy DEBUGINFOD_URLS=https://debuginfod.ubuntu.com /usr/bin/cmake --install /home/almc/ros2_ws/src/rrrr/build/rrrr
[0.296s] -- Install configuration: ""
[0.296s] -- Execute custom install script
[0.297s] -- Up-to-date symlink: /home/almc/ros2_ws/src/rrrr/install/rrrr/share/rrrr/urdf/rrrr.urdf
[0.297s] -- Up-to-date symlink: /home/almc/ros2_ws/src/rrrr/install/rrrr/share/rrrr/meshes/Base_link.STL
[0.297s] -- Up-to-date symlink: /home/almc/ros2_ws/src/rrrr/install/rrrr/share/rrrr/meshes/base_link.STL
[0.297s] -- Up-to-date symlink: /home/almc/ros2_ws/src/rrrr/install/rrrr/share/rrrr/meshes/link_1.STL
[0.297s] -- Up-to-date symlink: /home/almc/ros2_ws/src/rrrr/install/rrrr/share/rrrr/meshes/link_2.STL
[0.297s] -- Up-to-date symlink: /home/almc/ros2_ws/src/rrrr/install/rrrr/share/rrrr/meshes/link_3.STL
[0.297s] -- Up-to-date symlink: /home/almc/ros2_ws/src/rrrr/install/rrrr/share/rrrr/meshes/link_4.STL
[0.297s] -- Up-to-date symlink: /home/almc/ros2_ws/src/rrrr/install/rrrr/share/rrrr/launch/display.launch.py
[0.297s] -- Up-to-date symlink: /home/almc/ros2_ws/src/rrrr/install/rrrr/share/rrrr/rviz/rrrr.rviz
[0.297s] -- Up-to-date symlink: /home/almc/ros2_ws/src/rrrr/install/rrrr/share/ament_index/resource_index/package_run_dependencies/rrrr
[0.298s] -- Up-to-date symlink: /home/almc/ros2_ws/src/rrrr/install/rrrr/share/ament_index/resource_index/parent_prefix_path/rrrr
[0.298s] -- Up-to-date symlink: /home/almc/ros2_ws/src/rrrr/install/rrrr/share/rrrr/environment/ament_prefix_path.sh
[0.298s] -- Up-to-date symlink: /home/almc/ros2_ws/src/rrrr/install/rrrr/share/rrrr/environment/ament_prefix_path.dsv
[0.298s] -- Up-to-date symlink: /home/almc/ros2_ws/src/rrrr/install/rrrr/share/rrrr/environment/path.sh
[0.298s] -- Up-to-date symlink: /home/almc/ros2_ws/src/rrrr/install/rrrr/share/rrrr/environment/path.dsv
[0.298s] -- Up-to-date symlink: /home/almc/ros2_ws/src/rrrr/install/rrrr/share/rrrr/local_setup.bash
[0.298s] -- Up-to-date symlink: /home/almc/ros2_ws/src/rrrr/install/rrrr/share/rrrr/local_setup.sh
[0.298s] -- Up-to-date symlink: /home/almc/ros2_ws/src/rrrr/install/rrrr/share/rrrr/local_setup.zsh
[0.298s] -- Up-to-date symlink: /home/almc/ros2_ws/src/rrrr/install/rrrr/share/rrrr/local_setup.dsv
[0.298s] -- Symlinking: /home/almc/ros2_ws/src/rrrr/install/rrrr/share/rrrr/package.dsv
[0.303s] -- Up-to-date symlink: /home/almc/ros2_ws/src/rrrr/install/rrrr/share/ament_index/resource_index/packages/rrrr
[0.304s] -- Up-to-date symlink: /home/almc/ros2_ws/src/rrrr/install/rrrr/share/rrrr/cmake/rrrrConfig.cmake
[0.304s] -- Up-to-date symlink: /home/almc/ros2_ws/src/rrrr/install/rrrr/share/rrrr/cmake/rrrrConfig-version.cmake
[0.304s] -- Up-to-date symlink: /home/almc/ros2_ws/src/rrrr/install/rrrr/share/rrrr/package.xml
[0.305s] Invoked command in '/home/almc/ros2_ws/src/rrrr/build/rrrr' returned '0': CMAKE_PREFIX_PATH=${CMAKE_PREFIX_PATH}:/opt/ros/jazzy DEBUGINFOD_URLS=https://debuginfod.ubuntu.com /usr/bin/cmake --install /home/almc/ros2_ws/src/rrrr/build/rrrr
