[0.060s] DEBUG:colcon:Command line arguments: ['/usr/bin/colcon', 'build', '--packages-select', 'rrrr']
[0.060s] DEBUG:colcon:Parsed command line arguments: Namespace(log_base=None, log_level=None, verb_name='build', build_base='build', install_base='install', merge_install=False, symlink_install=False, test_result_base=None, continue_on_error=False, executor='parallel', parallel_workers=12, event_handlers=None, ignore_user_meta=False, metas=['./colcon.meta'], base_paths=['.'], packages_ignore=None, packages_ignore_regex=None, paths=None, packages_up_to=None, packages_up_to_regex=None, packages_above=None, packages_above_and_dependencies=None, packages_above_depth=None, packages_select_by_dep=None, packages_skip_by_dep=None, packages_skip_up_to=None, packages_select_build_failed=False, packages_skip_build_finished=False, packages_select_test_failures=False, packages_skip_test_passed=False, packages_select=['rrrr'], packages_skip=None, packages_select_regex=None, packages_skip_regex=None, packages_start=None, packages_end=None, allow_overriding=[], cmake_args=None, cmake_target=None, cmake_target_skip_unavailable=False, cmake_clean_cache=False, cmake_clean_first=False, cmake_force_configure=False, ament_cmake_args=None, catkin_cmake_args=None, catkin_skip_building_tests=False, mixin_files=None, mixin=None, verb_parser=<colcon_mixin.mixin.mixin_argument.MixinArgumentDecorator object at 0x79208f2a8590>, verb_extension=<colcon_core.verb.build.BuildVerb object at 0x79208f2a82c0>, main=<bound method BuildVerb.main of <colcon_core.verb.build.BuildVerb object at 0x79208f2a82c0>>, mixin_verb=('build',))
[0.082s] Level 1:colcon.colcon_core.package_discovery:discover_packages(colcon_meta) check parameters
[0.082s] Level 1:colcon.colcon_core.package_discovery:discover_packages(recursive) check parameters
[0.082s] Level 1:colcon.colcon_core.package_discovery:discover_packages(ignore) check parameters
[0.082s] Level 1:colcon.colcon_core.package_discovery:discover_packages(path) check parameters
[0.082s] Level 1:colcon.colcon_core.package_discovery:discover_packages(colcon_meta) discover
[0.082s] Level 1:colcon.colcon_core.package_discovery:discover_packages(recursive) discover
[0.082s] INFO:colcon.colcon_core.package_discovery:Crawling recursively for packages in '/home/almc/ros2_ws/src/rrrr'
[0.082s] Level 1:colcon.colcon_core.package_identification:_identify(.) by extensions ['ignore', 'ignore_ament_install']
[0.082s] Level 1:colcon.colcon_core.package_identification:_identify(.) by extension 'ignore'
[0.082s] Level 1:colcon.colcon_core.package_identification:_identify(.) by extension 'ignore_ament_install'
[0.082s] Level 1:colcon.colcon_core.package_identification:_identify(.) by extensions ['colcon_pkg']
[0.082s] Level 1:colcon.colcon_core.package_identification:_identify(.) by extension 'colcon_pkg'
[0.082s] Level 1:colcon.colcon_core.package_identification:_identify(.) by extensions ['colcon_meta']
[0.082s] Level 1:colcon.colcon_core.package_identification:_identify(.) by extension 'colcon_meta'
[0.082s] Level 1:colcon.colcon_core.package_identification:_identify(.) by extensions ['ros']
[0.082s] Level 1:colcon.colcon_core.package_identification:_identify(.) by extension 'ros'
[0.099s] DEBUG:colcon.colcon_core.package_identification:Package '.' with type 'ros.ament_cmake' and name 'rrrr'
[0.099s] Level 1:colcon.colcon_core.package_discovery:discover_packages(recursive) using defaults
[0.099s] Level 1:colcon.colcon_core.package_discovery:discover_packages(ignore) discover
[0.099s] Level 1:colcon.colcon_core.package_discovery:discover_packages(ignore) using defaults
[0.099s] Level 1:colcon.colcon_core.package_discovery:discover_packages(path) discover
[0.099s] Level 1:colcon.colcon_core.package_discovery:discover_packages(path) using defaults
[0.110s] Level 1:colcon.colcon_core.package_discovery:discover_packages(prefix_path) check parameters
[0.110s] Level 1:colcon.colcon_core.package_discovery:discover_packages(prefix_path) discover
[0.111s] WARNING:colcon.colcon_core.prefix_path.colcon:The path '/home/almc/ros2_ws/src/ysisidro/install' in the environment variable COLCON_PREFIX_PATH doesn't exist
[0.111s] WARNING:colcon.colcon_ros.prefix_path.ament:The path '/home/almc/ros2_ws/src/ysisidro/install/ysisidro' in the environment variable AMENT_PREFIX_PATH doesn't exist
[0.111s] WARNING:colcon.colcon_ros.prefix_path.catkin:The path '/home/almc/ros2_ws/src/ysisidro/install/ysisidro' in the environment variable CMAKE_PREFIX_PATH doesn't exist
[0.111s] DEBUG:colcon.colcon_installed_package_information.package_discovery:Found 5 installed packages in /home/almc/ros2_ws/install
[0.112s] DEBUG:colcon.colcon_installed_package_information.package_discovery:Found 384 installed packages in /opt/ros/jazzy
[0.113s] Level 1:colcon.colcon_core.package_discovery:discover_packages(prefix_path) using defaults
[0.140s] WARNING:colcon.colcon_core.package_selection:Some selected packages are already built in one or more underlay workspaces:
	'rrrr' is in: /home/almc/ros2_ws/install/rrrr
If a package in a merged underlay workspace is overridden and it installs headers, then all packages in the overlay must sort their include directories by workspace order. Failure to do so may result in build failures or undefined behavior at run time.
If the overridden package is used by another package in any underlay, then the overriding package in the overlay must be API and ABI compatible or undefined behavior at run time may occur.

If you understand the risks and want to override a package anyways, add the following to the command line:
	--allow-overriding rrrr

This may be promoted to an error in a future release of colcon-override-check.
[0.141s] Level 5:colcon.colcon_core.verb:set package 'rrrr' build argument 'cmake_args' from command line to 'None'
[0.141s] Level 5:colcon.colcon_core.verb:set package 'rrrr' build argument 'cmake_target' from command line to 'None'
[0.141s] Level 5:colcon.colcon_core.verb:set package 'rrrr' build argument 'cmake_target_skip_unavailable' from command line to 'False'
[0.141s] Level 5:colcon.colcon_core.verb:set package 'rrrr' build argument 'cmake_clean_cache' from command line to 'False'
[0.141s] Level 5:colcon.colcon_core.verb:set package 'rrrr' build argument 'cmake_clean_first' from command line to 'False'
[0.141s] Level 5:colcon.colcon_core.verb:set package 'rrrr' build argument 'cmake_force_configure' from command line to 'False'
[0.141s] Level 5:colcon.colcon_core.verb:set package 'rrrr' build argument 'ament_cmake_args' from command line to 'None'
[0.141s] Level 5:colcon.colcon_core.verb:set package 'rrrr' build argument 'catkin_cmake_args' from command line to 'None'
[0.141s] Level 5:colcon.colcon_core.verb:set package 'rrrr' build argument 'catkin_skip_building_tests' from command line to 'False'
[0.141s] DEBUG:colcon.colcon_core.verb:Building package 'rrrr' with the following arguments: {'ament_cmake_args': None, 'build_base': '/home/almc/ros2_ws/src/rrrr/build/rrrr', 'catkin_cmake_args': None, 'catkin_skip_building_tests': False, 'cmake_args': None, 'cmake_clean_cache': False, 'cmake_clean_first': False, 'cmake_force_configure': False, 'cmake_target': None, 'cmake_target_skip_unavailable': False, 'install_base': '/home/almc/ros2_ws/src/rrrr/install/rrrr', 'merge_install': False, 'path': '/home/almc/ros2_ws/src/rrrr', 'symlink_install': False, 'test_result_base': None}
[0.141s] INFO:colcon.colcon_core.executor:Executing jobs using 'parallel' executor
[0.141s] DEBUG:colcon.colcon_parallel_executor.executor.parallel:run_until_complete
[0.142s] INFO:colcon.colcon_ros.task.ament_cmake.build:Building ROS package in '/home/almc/ros2_ws/src/rrrr' with build type 'ament_cmake'
[0.142s] INFO:colcon.colcon_cmake.task.cmake.build:Building CMake package in '/home/almc/ros2_ws/src/rrrr'
[0.143s] INFO:colcon.colcon_core.plugin_system:Skipping extension 'colcon_core.shell.bat': Not used on non-Windows systems
[0.143s] INFO:colcon.colcon_core.shell:Skip shell extension 'powershell' for command environment: Not usable outside of PowerShell
[0.143s] DEBUG:colcon.colcon_core.shell:Skip shell extension 'dsv' for command environment
[0.149s] DEBUG:colcon.colcon_core.event_handler.log_command:Invoking command in '/home/almc/ros2_ws/src/rrrr/build/rrrr': CMAKE_PREFIX_PATH=${CMAKE_PREFIX_PATH}:/opt/ros/jazzy DEBUGINFOD_URLS=https://debuginfod.ubuntu.com /usr/bin/cmake /home/almc/ros2_ws/src/rrrr -DCMAKE_INSTALL_PREFIX=/home/almc/ros2_ws/src/rrrr/install/rrrr
[0.399s] DEBUG:colcon.colcon_core.event_handler.log_command:Invoked command in '/home/almc/ros2_ws/src/rrrr/build/rrrr' returned '0': CMAKE_PREFIX_PATH=${CMAKE_PREFIX_PATH}:/opt/ros/jazzy DEBUGINFOD_URLS=https://debuginfod.ubuntu.com /usr/bin/cmake /home/almc/ros2_ws/src/rrrr -DCMAKE_INSTALL_PREFIX=/home/almc/ros2_ws/src/rrrr/install/rrrr
[0.400s] DEBUG:colcon.colcon_core.event_handler.log_command:Invoking command in '/home/almc/ros2_ws/src/rrrr/build/rrrr': CMAKE_PREFIX_PATH=${CMAKE_PREFIX_PATH}:/opt/ros/jazzy DEBUGINFOD_URLS=https://debuginfod.ubuntu.com /usr/bin/cmake --build /home/almc/ros2_ws/src/rrrr/build/rrrr -- -j12 -l12
[0.427s] DEBUG:colcon.colcon_core.event_handler.log_command:Invoked command in '/home/almc/ros2_ws/src/rrrr/build/rrrr' returned '0': CMAKE_PREFIX_PATH=${CMAKE_PREFIX_PATH}:/opt/ros/jazzy DEBUGINFOD_URLS=https://debuginfod.ubuntu.com /usr/bin/cmake --build /home/almc/ros2_ws/src/rrrr/build/rrrr -- -j12 -l12
[0.433s] DEBUG:colcon.colcon_core.event_handler.log_command:Invoking command in '/home/almc/ros2_ws/src/rrrr/build/rrrr': CMAKE_PREFIX_PATH=${CMAKE_PREFIX_PATH}:/opt/ros/jazzy DEBUGINFOD_URLS=https://debuginfod.ubuntu.com /usr/bin/cmake --install /home/almc/ros2_ws/src/rrrr/build/rrrr
[0.446s] Level 1:colcon.colcon_core.environment:create_environment_scripts_only(rrrr)
[0.447s] DEBUG:colcon.colcon_core.event_handler.log_command:Invoked command in '/home/almc/ros2_ws/src/rrrr/build/rrrr' returned '0': CMAKE_PREFIX_PATH=${CMAKE_PREFIX_PATH}:/opt/ros/jazzy DEBUGINFOD_URLS=https://debuginfod.ubuntu.com /usr/bin/cmake --install /home/almc/ros2_ws/src/rrrr/build/rrrr
[0.448s] Level 1:colcon.colcon_core.environment:checking '/home/almc/ros2_ws/src/rrrr/install/rrrr' for CMake module files
[0.449s] Level 1:colcon.colcon_core.environment:checking '/home/almc/ros2_ws/src/rrrr/install/rrrr' for CMake config files
[0.449s] Level 1:colcon.colcon_core.shell:create_environment_hook('rrrr', 'cmake_prefix_path')
[0.449s] INFO:colcon.colcon_core.shell:Creating environment hook '/home/almc/ros2_ws/src/rrrr/install/rrrr/share/rrrr/hook/cmake_prefix_path.ps1'
[0.449s] INFO:colcon.colcon_core.shell:Creating environment descriptor '/home/almc/ros2_ws/src/rrrr/install/rrrr/share/rrrr/hook/cmake_prefix_path.dsv'
[0.449s] INFO:colcon.colcon_core.shell:Creating environment hook '/home/almc/ros2_ws/src/rrrr/install/rrrr/share/rrrr/hook/cmake_prefix_path.sh'
[0.450s] Level 1:colcon.colcon_core.environment:checking '/home/almc/ros2_ws/src/rrrr/install/rrrr/bin'
[0.450s] Level 1:colcon.colcon_core.environment:checking '/home/almc/ros2_ws/src/rrrr/install/rrrr/lib/pkgconfig/rrrr.pc'
[0.450s] Level 1:colcon.colcon_core.environment:checking '/home/almc/ros2_ws/src/rrrr/install/rrrr/lib/python3.12/site-packages'
[0.450s] Level 1:colcon.colcon_core.environment:checking '/home/almc/ros2_ws/src/rrrr/install/rrrr/bin'
[0.450s] INFO:colcon.colcon_core.shell:Creating package script '/home/almc/ros2_ws/src/rrrr/install/rrrr/share/rrrr/package.ps1'
[0.451s] INFO:colcon.colcon_core.shell:Creating package descriptor '/home/almc/ros2_ws/src/rrrr/install/rrrr/share/rrrr/package.dsv'
[0.451s] INFO:colcon.colcon_core.shell:Creating package script '/home/almc/ros2_ws/src/rrrr/install/rrrr/share/rrrr/package.sh'
[0.452s] INFO:colcon.colcon_core.shell:Creating package script '/home/almc/ros2_ws/src/rrrr/install/rrrr/share/rrrr/package.bash'
[0.452s] INFO:colcon.colcon_core.shell:Creating package script '/home/almc/ros2_ws/src/rrrr/install/rrrr/share/rrrr/package.zsh'
[0.452s] Level 1:colcon.colcon_core.environment:create_file_with_runtime_dependencies(/home/almc/ros2_ws/src/rrrr/install/rrrr/share/colcon-core/packages/rrrr)
[0.452s] Level 1:colcon.colcon_core.environment:create_environment_scripts_only(rrrr)
[0.452s] Level 1:colcon.colcon_core.environment:checking '/home/almc/ros2_ws/src/rrrr/install/rrrr' for CMake module files
[0.453s] Level 1:colcon.colcon_core.environment:checking '/home/almc/ros2_ws/src/rrrr/install/rrrr' for CMake config files
[0.453s] Level 1:colcon.colcon_core.shell:create_environment_hook('rrrr', 'cmake_prefix_path')
[0.453s] INFO:colcon.colcon_core.shell:Creating environment hook '/home/almc/ros2_ws/src/rrrr/install/rrrr/share/rrrr/hook/cmake_prefix_path.ps1'
[0.453s] INFO:colcon.colcon_core.shell:Creating environment descriptor '/home/almc/ros2_ws/src/rrrr/install/rrrr/share/rrrr/hook/cmake_prefix_path.dsv'
[0.453s] INFO:colcon.colcon_core.shell:Creating environment hook '/home/almc/ros2_ws/src/rrrr/install/rrrr/share/rrrr/hook/cmake_prefix_path.sh'
[0.454s] Level 1:colcon.colcon_core.environment:checking '/home/almc/ros2_ws/src/rrrr/install/rrrr/bin'
[0.454s] Level 1:colcon.colcon_core.environment:checking '/home/almc/ros2_ws/src/rrrr/install/rrrr/lib/pkgconfig/rrrr.pc'
[0.454s] Level 1:colcon.colcon_core.environment:checking '/home/almc/ros2_ws/src/rrrr/install/rrrr/lib/python3.12/site-packages'
[0.454s] Level 1:colcon.colcon_core.environment:checking '/home/almc/ros2_ws/src/rrrr/install/rrrr/bin'
[0.454s] INFO:colcon.colcon_core.shell:Creating package script '/home/almc/ros2_ws/src/rrrr/install/rrrr/share/rrrr/package.ps1'
[0.455s] INFO:colcon.colcon_core.shell:Creating package descriptor '/home/almc/ros2_ws/src/rrrr/install/rrrr/share/rrrr/package.dsv'
[0.455s] INFO:colcon.colcon_core.shell:Creating package script '/home/almc/ros2_ws/src/rrrr/install/rrrr/share/rrrr/package.sh'
[0.455s] INFO:colcon.colcon_core.shell:Creating package script '/home/almc/ros2_ws/src/rrrr/install/rrrr/share/rrrr/package.bash'
[0.455s] INFO:colcon.colcon_core.shell:Creating package script '/home/almc/ros2_ws/src/rrrr/install/rrrr/share/rrrr/package.zsh'
[0.455s] Level 1:colcon.colcon_core.environment:create_file_with_runtime_dependencies(/home/almc/ros2_ws/src/rrrr/install/rrrr/share/colcon-core/packages/rrrr)
[0.455s] DEBUG:colcon.colcon_parallel_executor.executor.parallel:closing loop
[0.456s] DEBUG:colcon.colcon_parallel_executor.executor.parallel:loop closed
[0.456s] DEBUG:colcon.colcon_parallel_executor.executor.parallel:run_until_complete finished with '0'
[0.456s] DEBUG:colcon.colcon_core.event_reactor:joining thread
[0.459s] INFO:colcon.colcon_core.plugin_system:Skipping extension 'colcon_notification.desktop_notification.terminal_notifier': Not used on non-Darwin systems
[0.460s] INFO:colcon.colcon_core.plugin_system:Skipping extension 'colcon_notification.desktop_notification.win32': Not used on non-Windows systems
[0.460s] INFO:colcon.colcon_notification.desktop_notification:Sending desktop notification using 'notify2'
[0.470s] DEBUG:colcon.colcon_core.event_reactor:joined thread
[0.470s] INFO:colcon.colcon_core.shell:Creating prefix script '/home/almc/ros2_ws/src/rrrr/install/local_setup.ps1'
[0.471s] INFO:colcon.colcon_core.shell:Creating prefix util module '/home/almc/ros2_ws/src/rrrr/install/_local_setup_util_ps1.py'
[0.471s] INFO:colcon.colcon_core.shell:Creating prefix chain script '/home/almc/ros2_ws/src/rrrr/install/setup.ps1'
[0.472s] INFO:colcon.colcon_core.shell:Creating prefix script '/home/almc/ros2_ws/src/rrrr/install/local_setup.sh'
[0.472s] INFO:colcon.colcon_core.shell:Creating prefix util module '/home/almc/ros2_ws/src/rrrr/install/_local_setup_util_sh.py'
[0.473s] INFO:colcon.colcon_core.shell:Creating prefix chain script '/home/almc/ros2_ws/src/rrrr/install/setup.sh'
[0.473s] INFO:colcon.colcon_core.shell:Creating prefix script '/home/almc/ros2_ws/src/rrrr/install/local_setup.bash'
[0.473s] INFO:colcon.colcon_core.shell:Creating prefix chain script '/home/almc/ros2_ws/src/rrrr/install/setup.bash'
[0.474s] INFO:colcon.colcon_core.shell:Creating prefix script '/home/almc/ros2_ws/src/rrrr/install/local_setup.zsh'
[0.474s] INFO:colcon.colcon_core.shell:Creating prefix chain script '/home/almc/ros2_ws/src/rrrr/install/setup.zsh'
